#! 
:ivl_version "13.0 (devel)" "(s20250103-25-g99580cd05-dirty)";
:ivl_delay_selection "TYPICAL";
:vpi_time_precision + 0;
:vpi_module "D:\oss-cad-suite\lib\ivl\system.vpi";
:vpi_module "D:\oss-cad-suite\lib\ivl\vhdl_sys.vpi";
:vpi_module "D:\oss-cad-suite\lib\ivl\vhdl_textio.vpi";
:vpi_module "D:\oss-cad-suite\lib\ivl\v2005_math.vpi";
:vpi_module "D:\oss-cad-suite\lib\ivl\va_math.vpi";
:vpi_module "D:\oss-cad-suite\lib\ivl\v2009.vpi";
S_000001387027bd40 .scope package, "$unit" "$unit" 2 1;
 .timescale 0 0;
S_000001387027e270 .scope module, "detect_4_bit_sequence_using_fsm" "detect_4_bit_sequence_using_fsm" 3 5;
 .timescale 0 0;
    .port_info 0 /INPUT 1 "clk";
    .port_info 1 /INPUT 1 "rst";
    .port_info 2 /INPUT 1 "a";
    .port_info 3 /OUTPUT 1 "detected";
enum000001387011ceb0 .enum4 (3)
   "IDLE" 3'b000,
   "F1" 3'b001,
   "F0" 3'b010,
   "S1" 3'b011,
   "S0" 3'b100
 ;
L_000001387016ed18 .functor BUFT 1, C4<100>, C4<0>, C4<0>, C4<0>;
v000001387027bed0_0 .net/2u *"_ivl_0", 2 0, L_000001387016ed18;  1 drivers
o000001387011dfe8 .functor BUFZ 1, c4<z>; HiZ drive
v00000138700e6990_0 .net "a", 0 0, o000001387011dfe8;  0 drivers
o000001387011e018 .functor BUFZ 1, c4<z>; HiZ drive
v000001387027e590_0 .net "clk", 0 0, o000001387011e018;  0 drivers
v000001387027e630_0 .net "detected", 0 0, L_00000138701b6d20;  1 drivers
v000001387016e8b0_0 .var "new_state", 2 0;
o000001387011e0a8 .functor BUFZ 1, c4<z>; HiZ drive
v000001387016e950_0 .net "rst", 0 0, o000001387011e0a8;  0 drivers
v000001387016e9f0_0 .var "state", 2 0;
E_000001387011deb0 .event posedge, v000001387027e590_0;
E_000001387011d2b0 .event anyedge, v000001387016e9f0_0, v00000138700e6990_0;
L_00000138701b6d20 .cmp/eq 3, v000001387016e9f0_0, L_000001387016ed18;
S_000001387027e400 .scope module, "detect_6_bit_sequence_using_fsm" "detect_6_bit_sequence_using_fsm" 3 67;
 .timescale 0 0;
    .port_info 0 /INPUT 1 "clk";
    .port_info 1 /INPUT 1 "rst";
    .port_info 2 /INPUT 1 "a";
    .port_info 3 /OUTPUT 1 "detected";
o000001387011e1c8 .functor BUFZ 1, c4<z>; HiZ drive
v000001387016ea90_0 .net "a", 0 0, o000001387011e1c8;  0 drivers
o000001387011e1f8 .functor BUFZ 1, c4<z>; HiZ drive
v000001387016eb30_0 .net "clk", 0 0, o000001387011e1f8;  0 drivers
o000001387011e228 .functor BUFZ 1, c4<z>; HiZ drive
v000001387016ebd0_0 .net "detected", 0 0, o000001387011e228;  0 drivers
o000001387011e258 .functor BUFZ 1, c4<z>; HiZ drive
v000001387016ec70_0 .net "rst", 0 0, o000001387011e258;  0 drivers
    .scope S_000001387027e270;
T_0 ;
Ewait_0 .event/or E_000001387011d2b0, E_0x0;
    %wait Ewait_0;
    %load/vec4 v000001387016e9f0_0;
    %store/vec4 v000001387016e8b0_0, 0, 3;
    %load/vec4 v000001387016e9f0_0;
    %dup/vec4;
    %pushi/vec4 0, 0, 3;
    %cmp/u;
    %jmp/1 T_0.0, 6;
    %dup/vec4;
    %pushi/vec4 1, 0, 3;
    %cmp/u;
    %jmp/1 T_0.1, 6;
    %dup/vec4;
    %pushi/vec4 2, 0, 3;
    %cmp/u;
    %jmp/1 T_0.2, 6;
    %dup/vec4;
    %pushi/vec4 3, 0, 3;
    %cmp/u;
    %jmp/1 T_0.3, 6;
    %dup/vec4;
    %pushi/vec4 4, 0, 3;
    %cmp/u;
    %jmp/1 T_0.4, 6;
    %jmp T_0.5;
T_0.0 ;
    %load/vec4 v00000138700e6990_0;
    %flag_set/vec4 8;
    %jmp/0xz  T_0.6, 8;
    %pushi/vec4 1, 0, 3;
    %store/vec4 v000001387016e8b0_0, 0, 3;
T_0.6 ;
    %jmp T_0.5;
T_0.1 ;
    %load/vec4 v00000138700e6990_0;
    %inv;
    %flag_set/vec4 8;
    %jmp/0xz  T_0.8, 8;
    %pushi/vec4 2, 0, 3;
    %store/vec4 v000001387016e8b0_0, 0, 3;
T_0.8 ;
    %jmp T_0.5;
T_0.2 ;
    %load/vec4 v00000138700e6990_0;
    %flag_set/vec4 8;
    %jmp/0xz  T_0.10, 8;
    %pushi/vec4 3, 0, 3;
    %store/vec4 v000001387016e8b0_0, 0, 3;
    %jmp T_0.11;
T_0.10 ;
    %pushi/vec4 0, 0, 3;
    %store/vec4 v000001387016e8b0_0, 0, 3;
T_0.11 ;
    %jmp T_0.5;
T_0.3 ;
    %load/vec4 v00000138700e6990_0;
    %inv;
    %flag_set/vec4 8;
    %jmp/0xz  T_0.12, 8;
    %pushi/vec4 4, 0, 3;
    %store/vec4 v000001387016e8b0_0, 0, 3;
    %jmp T_0.13;
T_0.12 ;
    %pushi/vec4 1, 0, 3;
    %store/vec4 v000001387016e8b0_0, 0, 3;
T_0.13 ;
    %jmp T_0.5;
T_0.4 ;
    %load/vec4 v00000138700e6990_0;
    %flag_set/vec4 8;
    %jmp/0xz  T_0.14, 8;
    %pushi/vec4 3, 0, 3;
    %store/vec4 v000001387016e8b0_0, 0, 3;
    %jmp T_0.15;
T_0.14 ;
    %pushi/vec4 0, 0, 3;
    %store/vec4 v000001387016e8b0_0, 0, 3;
T_0.15 ;
    %jmp T_0.5;
T_0.5 ;
    %pop/vec4 1;
    %jmp T_0;
    .thread T_0, $push;
    .scope S_000001387027e270;
T_1 ;
    %wait E_000001387011deb0;
    %load/vec4 v000001387016e950_0;
    %flag_set/vec4 8;
    %jmp/0xz  T_1.0, 8;
    %pushi/vec4 0, 0, 3;
    %assign/vec4 v000001387016e9f0_0, 0;
    %jmp T_1.1;
T_1.0 ;
    %load/vec4 v000001387016e8b0_0;
    %assign/vec4 v000001387016e9f0_0, 0;
T_1.1 ;
    %jmp T_1;
    .thread T_1;
# The file index is used to find the file name in the following table.
:file_names 4;
    "N/A";
    "<interactive>";
    "-";
    "03_01_detect_sequence_using_fsm.sv";
