QuestaSim-64 qrun 2021.1 Utility 2021.01 Jan 19 2021
Start time: 12:15:54 on Sep 14,2025
qrun tb.sv -gui 
-- Skipping 'vlog tb.sv -work qrun.out/work...'
-- Skipping vopt
# Reading pref.tcl
# //  Questa Sim-64
# //  Version 2021.1 win64 Jan 19 2021
# //
# //  Copyright 1991-2021 Mentor Graphics Corporation
# //  All Rights Reserved.
# //
# //  QuestaSim and its associated documentation contain trade
# //  secrets and commercial or financial information that are the property of
# //  Mentor Graphics Corporation and are privileged, confidential,
# //  and exempt from disclosure under the Freedom of Information Act,
# //  5 U.S.C. Section 552. Furthermore, this information
# //  is prohibited from disclosure under the Trade Secrets Act,
# //  18 U.S.C. Section 1905.
# //
# vsim -lib qrun.out/work -wlf vsim.wlf -debugdb -do "add wave *" -gui -statslog qrun.out/stats_log qrun_opt -appendlog -l qrun.log 
# Start time: 12:16:13 on Sep 14,2025
# Loading sv_std.std
# Loading work.tb(fast)
# Loading work.put_in_order(fast)
# Loading work.flip_flop_fifo_with_counter_and_debug_1(fast)
# ** Warning: (vsim-3015) [PCDPC] - Port size (16) does not match connection size (1) for port 'write_data'. The port definition is at: fifo.sv(14).
#    Time: 0 ns  Iteration: 0  Instance: /tb/DUT/fifo_array[0]/fifo File: 04_13_put_in_order.sv Line: 31
# ** Warning: (vsim-3015) [PCDPC] - Port size (16) does not match connection size (1) for port 'read_data'. The port definition is at: fifo.sv(15).
#    Time: 0 ns  Iteration: 0  Instance: /tb/DUT/fifo_array[0]/fifo File: 04_13_put_in_order.sv Line: 31
# ** Warning: (vsim-3015) [PCDPC] - Port size (16) does not match connection size (1) for port 'write_data'. The port definition is at: fifo.sv(14).
#    Time: 0 ns  Iteration: 0  Instance: /tb/DUT/fifo_array[1]/fifo File: 04_13_put_in_order.sv Line: 31
# ** Warning: (vsim-3015) [PCDPC] - Port size (16) does not match connection size (1) for port 'read_data'. The port definition is at: fifo.sv(15).
#    Time: 0 ns  Iteration: 0  Instance: /tb/DUT/fifo_array[1]/fifo File: 04_13_put_in_order.sv Line: 31
# ** Warning: (vsim-3015) [PCDPC] - Port size (16) does not match connection size (1) for port 'write_data'. The port definition is at: fifo.sv(14).
#    Time: 0 ns  Iteration: 0  Instance: /tb/DUT/fifo_array[2]/fifo File: 04_13_put_in_order.sv Line: 31
# ** Warning: (vsim-3015) [PCDPC] - Port size (16) does not match connection size (1) for port 'read_data'. The port definition is at: fifo.sv(15).
#    Time: 0 ns  Iteration: 0  Instance: /tb/DUT/fifo_array[2]/fifo File: 04_13_put_in_order.sv Line: 31
# ** Warning: (vsim-3015) [PCDPC] - Port size (16) does not match connection size (1) for port 'write_data'. The port definition is at: fifo.sv(14).
#    Time: 0 ns  Iteration: 0  Instance: /tb/DUT/fifo_array[3]/fifo File: 04_13_put_in_order.sv Line: 31
# ** Warning: (vsim-3015) [PCDPC] - Port size (16) does not match connection size (1) for port 'read_data'. The port definition is at: fifo.sv(15).
#    Time: 0 ns  Iteration: 0  Instance: /tb/DUT/fifo_array[3]/fifo File: 04_13_put_in_order.sv Line: 31
# ** Note: (vsim-8716) Reusing existing debug database vsim.dbg.
# add wave *
# Break key hit
step -out
step -out
step -out
step -out
run
# ** Note: $finish    : tb.sv(61)
#    Time: 75 ns  Iteration: 0  Instance: /tb
# 1
# Break in Module tb at tb.sv line 61
run -all
# ** Note: $finish    : tb.sv(44)
#    Time: 111169 ns  Iteration: 0  Instance: /tb
# 1
# Break in Module tb at tb.sv line 44
add wave -position 3  sim:/tb/up_data
restart -f
# Closing VCD file "dump.vcd"
# ** Note: (vsim-12125) Error and warning message counts have been reset to '0' because of 'restart'.
# Loading work.tb(fast)
# Loading work.put_in_order(fast)
# Loading work.flip_flop_fifo_with_counter_and_debug_1(fast)
# ** Warning: (vsim-3015) [PCDPC] - Port size (16) does not match connection size (1) for port 'write_data'. The port definition is at: fifo.sv(14).
#    Time: 0 ns  Iteration: 0  Instance: /tb/DUT/fifo_array[0]/fifo File: 04_13_put_in_order.sv Line: 31
# ** Warning: (vsim-3015) [PCDPC] - Port size (16) does not match connection size (1) for port 'read_data'. The port definition is at: fifo.sv(15).
#    Time: 0 ns  Iteration: 0  Instance: /tb/DUT/fifo_array[0]/fifo File: 04_13_put_in_order.sv Line: 31
# ** Warning: (vsim-3015) [PCDPC] - Port size (16) does not match connection size (1) for port 'write_data'. The port definition is at: fifo.sv(14).
#    Time: 0 ns  Iteration: 0  Instance: /tb/DUT/fifo_array[1]/fifo File: 04_13_put_in_order.sv Line: 31
# ** Warning: (vsim-3015) [PCDPC] - Port size (16) does not match connection size (1) for port 'read_data'. The port definition is at: fifo.sv(15).
#    Time: 0 ns  Iteration: 0  Instance: /tb/DUT/fifo_array[1]/fifo File: 04_13_put_in_order.sv Line: 31
# ** Warning: (vsim-3015) [PCDPC] - Port size (16) does not match connection size (1) for port 'write_data'. The port definition is at: fifo.sv(14).
#    Time: 0 ns  Iteration: 0  Instance: /tb/DUT/fifo_array[2]/fifo File: 04_13_put_in_order.sv Line: 31
# ** Warning: (vsim-3015) [PCDPC] - Port size (16) does not match connection size (1) for port 'read_data'. The port definition is at: fifo.sv(15).
#    Time: 0 ns  Iteration: 0  Instance: /tb/DUT/fifo_array[2]/fifo File: 04_13_put_in_order.sv Line: 31
# ** Warning: (vsim-3015) [PCDPC] - Port size (16) does not match connection size (1) for port 'write_data'. The port definition is at: fifo.sv(14).
#    Time: 0 ns  Iteration: 0  Instance: /tb/DUT/fifo_array[3]/fifo File: 04_13_put_in_order.sv Line: 31
# ** Warning: (vsim-3015) [PCDPC] - Port size (16) does not match connection size (1) for port 'read_data'. The port definition is at: fifo.sv(15).
#    Time: 0 ns  Iteration: 0  Instance: /tb/DUT/fifo_array[3]/fifo File: 04_13_put_in_order.sv Line: 31
# ** Note: (vsim-8716) Reusing existing debug database vsim.dbg.
run -all
# ** Note: $finish    : tb.sv(61)
#    Time: 75 ns  Iteration: 0  Instance: /tb
# 1
# Break in Module tb at tb.sv line 61
# Break key hit
